
[34mโ•โ•โ•โ•โ•โ•โ•โ•โ•โ•โ•โ•โ•โ•โ•โ•โ•โ•โ•โ•โ•โ•โ•โ•โ•โ•โ•โ•โ•โ•โ•โ•โ•โ•โ•โ•โ•โ•โ•โ•โ•โ•โ•โ•โ•โ•โ•โ•โ•โ•โ•โ•โ•โ•โ•[0m
[36m  Neon Database Migration[0m
[34mโ•โ•โ•โ•โ•โ•โ•โ•โ•โ•โ•โ•โ•โ•โ•โ•โ•โ•โ•โ•โ•โ•โ•โ•โ•โ•โ•โ•โ•โ•โ•โ•โ•โ•โ•โ•โ•โ•โ•โ•โ•โ•โ•โ•โ•โ•โ•โ•โ•โ•โ•โ•โ•โ•โ•[0m

[34m[INFO][0m Connecting to Neon...
[32m[SUCCESS][0m Connected: Mon Feb 23 2026 05:50:53 GMT+0700 (เน€เธงเธฅเธฒเธญเธดเธเนเธ”เธเธตเธ)
[34m[INFO][0m Executing 15 SQL statements...
[34m[INFO][0m Executing: CREATE TABLE IF NOT EXISTS settings (   key TEXT P...
[34m[INFO][0m Executing: CREATE TABLE IF NOT EXISTS sites (   id TEXT PRIMA...
[34m[INFO][0m Executing: CREATE TABLE IF NOT EXISTS deploy_history (   id T...
[34m[INFO][0m Executing: CREATE TABLE IF NOT EXISTS templates (   id TEXT P...
[34m[INFO][0m Executing: CREATE TABLE IF NOT EXISTS daily_spend (   id TEXT...
[34m[INFO][0m Executing: CREATE TABLE IF NOT EXISTS lendingcard_transaction...
[34m[INFO][0m Executing: CREATE TABLE IF NOT EXISTS opex (     id SERIAL PR...
[34m[INFO][0m Executing: CREATE TABLE IF NOT EXISTS monthly_pnl (     id SE...
[34m[INFO][0m Executing: CREATE TABLE IF NOT EXISTS reconcile_records (    ...
[34m[INFO][0m Executing: CREATE INDEX IF NOT EXISTS idx_deploy_history_site...
[34m[INFO][0m Executing: CREATE INDEX IF NOT EXISTS idx_deploy_history_crea...
[34m[INFO][0m Executing: CREATE INDEX IF NOT EXISTS idx_deploy_history_stat...
[34m[INFO][0m Executing: CREATE INDEX IF NOT EXISTS idx_sites_created_at ON...
[34m[INFO][0m Executing: CREATE INDEX IF NOT EXISTS idx_templates_category ...
[34m[INFO][0m Executing: INSERT INTO settings (key, value) VALUES   ('app_v...
[32m[SUCCESS][0m All 15 statements executed successfully
[34m[INFO][0m Context: DB=neondb, User=neondb_owner, Schema=public
[34m[INFO][0m Verifying tables...
[32m[SUCCESS][0m Found 0 tables:
[32m[SUCCESS][0m Created indexes:
[31m[ERROR][0m Migration failed: relation "settings" does not exist
