[      10ms] [WARNING] [API] Network error or timeout: Failed to fetch @ http://localhost:4323/src/services/api.js:82
[      10ms] [ERROR] [neon] ensureTables failed: Error connecting to database: TypeError: Failed to fetch @ http://localhost:4323/src/services/neon.js:113
[     127ms] [WARNING]           
        ************************************************************
        *                                                          *
        *  WARNING: Running SQL directly from the browser can have *
        *  security implications. Even if your database is         *
        *  protected by Row-Level Security (RLS), use it at your   *
        *  own risk. This approach is great for fast prototyping,  *
        *  but ensure proper safeguards are in place to prevent    *
        *  misuse or execution of expensive SQL queries by your    *
        *  end users.                                              *
        *                                                          *
        *  If you've assessed the risks, suppress this message     *
        *  using the disableWarningInBrowsers configuration        *
        *  parameter.                                              *
        *                                                          *
        ************************************************************ @ http://localhost:4323/node_modules/.vite/deps/@neondatabase_serverless.js?v=7c5e1c19:4881
[     127ms] [WARNING]           
        ************************************************************
        *                                                          *
        *  WARNING: Running SQL directly from the browser can have *
        *  security implications. Even if your database is         *
        *  protected by Row-Level Security (RLS), use it at your   *
        *  own risk. This approach is great for fast prototyping,  *
        *  but ensure proper safeguards are in place to prevent    *
        *  misuse or execution of expensive SQL queries by your    *
        *  end users.                                              *
        *                                                          *
        *  If you've assessed the risks, suppress this message     *
        *  using the disableWarningInBrowsers configuration        *
        *  parameter.                                              *
        *                                                          *
        ************************************************************ @ http://localhost:4323/node_modules/.vite/deps/@neondatabase_serverless.js?v=7c5e1c19:4881
[     127ms] [WARNING]           
        ************************************************************
        *                                                          *
        *  WARNING: Running SQL directly from the browser can have *
        *  security implications. Even if your database is         *
        *  protected by Row-Level Security (RLS), use it at your   *
        *  own risk. This approach is great for fast prototyping,  *
        *  but ensure proper safeguards are in place to prevent    *
        *  misuse or execution of expensive SQL queries by your    *
        *  end users.                                              *
        *                                                          *
        *  If you've assessed the risks, suppress this message     *
        *  using the disableWarningInBrowsers configuration        *
        *  parameter.                                              *
        *                                                          *
        ************************************************************ @ http://localhost:4323/node_modules/.vite/deps/@neondatabase_serverless.js?v=7c5e1c19:4881
[     127ms] [WARNING]           
        ************************************************************
        *                                                          *
        *  WARNING: Running SQL directly from the browser can have *
        *  security implications. Even if your database is         *
        *  protected by Row-Level Security (RLS), use it at your   *
        *  own risk. This approach is great for fast prototyping,  *
        *  but ensure proper safeguards are in place to prevent    *
        *  misuse or execution of expensive SQL queries by your    *
        *  end users.                                              *
        *                                                          *
        *  If you've assessed the risks, suppress this message     *
        *  using the disableWarningInBrowsers configuration        *
        *  parameter.                                              *
        *                                                          *
        ************************************************************ @ http://localhost:4323/node_modules/.vite/deps/@neondatabase_serverless.js?v=7c5e1c19:4881
[     375ms] [WARNING]           
        ************************************************************
        *                                                          *
        *  WARNING: Running SQL directly from the browser can have *
        *  security implications. Even if your database is         *
        *  protected by Row-Level Security (RLS), use it at your   *
        *  own risk. This approach is great for fast prototyping,  *
        *  but ensure proper safeguards are in place to prevent    *
        *  misuse or execution of expensive SQL queries by your    *
        *  end users.                                              *
        *                                                          *
        *  If you've assessed the risks, suppress this message     *
        *  using the disableWarningInBrowsers configuration        *
        *  parameter.                                              *
        *                                                          *
        ************************************************************ @ http://localhost:4323/node_modules/.vite/deps/@neondatabase_serverless.js?v=7c5e1c19:4881
[     375ms] [WARNING]           
        ************************************************************
        *                                                          *
        *  WARNING: Running SQL directly from the browser can have *
        *  security implications. Even if your database is         *
        *  protected by Row-Level Security (RLS), use it at your   *
        *  own risk. This approach is great for fast prototyping,  *
        *  but ensure proper safeguards are in place to prevent    *
        *  misuse or execution of expensive SQL queries by your    *
        *  end users.                                              *
        *                                                          *
        *  If you've assessed the risks, suppress this message     *
        *  using the disableWarningInBrowsers configuration        *
        *  parameter.                                              *
        *                                                          *
        ************************************************************ @ http://localhost:4323/node_modules/.vite/deps/@neondatabase_serverless.js?v=7c5e1c19:4881
[     376ms] [WARNING]           
        ************************************************************
        *                                                          *
        *  WARNING: Running SQL directly from the browser can have *
        *  security implications. Even if your database is         *
        *  protected by Row-Level Security (RLS), use it at your   *
        *  own risk. This approach is great for fast prototyping,  *
        *  but ensure proper safeguards are in place to prevent    *
        *  misuse or execution of expensive SQL queries by your    *
        *  end users.                                              *
        *                                                          *
        *  If you've assessed the risks, suppress this message     *
        *  using the disableWarningInBrowsers configuration        *
        *  parameter.                                              *
        *                                                          *
        ************************************************************ @ http://localhost:4323/node_modules/.vite/deps/@neondatabase_serverless.js?v=7c5e1c19:4881
[     376ms] [WARNING]           
        ************************************************************
        *                                                          *
        *  WARNING: Running SQL directly from the browser can have *
        *  security implications. Even if your database is         *
        *  protected by Row-Level Security (RLS), use it at your   *
        *  own risk. This approach is great for fast prototyping,  *
        *  but ensure proper safeguards are in place to prevent    *
        *  misuse or execution of expensive SQL queries by your    *
        *  end users.                                              *
        *                                                          *
        *  If you've assessed the risks, suppress this message     *
        *  using the disableWarningInBrowsers configuration        *
        *  parameter.                                              *
        *                                                          *
        ************************************************************ @ http://localhost:4323/node_modules/.vite/deps/@neondatabase_serverless.js?v=7c5e1c19:4881
[     376ms] [WARNING]           
        ************************************************************
        *                                                          *
        *  WARNING: Running SQL directly from the browser can have *
        *  security implications. Even if your database is         *
        *  protected by Row-Level Security (RLS), use it at your   *
        *  own risk. This approach is great for fast prototyping,  *
        *  but ensure proper safeguards are in place to prevent    *
        *  misuse or execution of expensive SQL queries by your    *
        *  end users.                                              *
        *                                                          *
        *  If you've assessed the risks, suppress this message     *
        *  using the disableWarningInBrowsers configuration        *
        *  parameter.                                              *
        *                                                          *
        ************************************************************ @ http://localhost:4323/node_modules/.vite/deps/@neondatabase_serverless.js?v=7c5e1c19:4881
[     376ms] [WARNING]           
        ************************************************************
        *                                                          *
        *  WARNING: Running SQL directly from the browser can have *
        *  security implications. Even if your database is         *
        *  protected by Row-Level Security (RLS), use it at your   *
        *  own risk. This approach is great for fast prototyping,  *
        *  but ensure proper safeguards are in place to prevent    *
        *  misuse or execution of expensive SQL queries by your    *
        *  end users.                                              *
        *                                                          *
        *  If you've assessed the risks, suppress this message     *
        *  using the disableWarningInBrowsers configuration        *
        *  parameter.                                              *
        *                                                          *
        ************************************************************ @ http://localhost:4323/node_modules/.vite/deps/@neondatabase_serverless.js?v=7c5e1c19:4881
[     376ms] [WARNING]           
        ************************************************************
        *                                                          *
        *  WARNING: Running SQL directly from the browser can have *
        *  security implications. Even if your database is         *
        *  protected by Row-Level Security (RLS), use it at your   *
        *  own risk. This approach is great for fast prototyping,  *
        *  but ensure proper safeguards are in place to prevent    *
        *  misuse or execution of expensive SQL queries by your    *
        *  end users.                                              *
        *                                                          *
        *  If you've assessed the risks, suppress this message     *
        *  using the disableWarningInBrowsers configuration        *
        *  parameter.                                              *
        *                                                          *
        ************************************************************ @ http://localhost:4323/node_modules/.vite/deps/@neondatabase_serverless.js?v=7c5e1c19:4881
[     376ms] [WARNING]           
        ************************************************************
        *                                                          *
        *  WARNING: Running SQL directly from the browser can have *
        *  security implications. Even if your database is         *
        *  protected by Row-Level Security (RLS), use it at your   *
        *  own risk. This approach is great for fast prototyping,  *
        *  but ensure proper safeguards are in place to prevent    *
        *  misuse or execution of expensive SQL queries by your    *
        *  end users.                                              *
        *                                                          *
        *  If you've assessed the risks, suppress this message     *
        *  using the disableWarningInBrowsers configuration        *
        *  parameter.                                              *
        *                                                          *
        ************************************************************ @ http://localhost:4323/node_modules/.vite/deps/@neondatabase_serverless.js?v=7c5e1c19:4881
[     376ms] [WARNING]           
        ************************************************************
        *                                                          *
        *  WARNING: Running SQL directly from the browser can have *
        *  security implications. Even if your database is         *
        *  protected by Row-Level Security (RLS), use it at your   *
        *  own risk. This approach is great for fast prototyping,  *
        *  but ensure proper safeguards are in place to prevent    *
        *  misuse or execution of expensive SQL queries by your    *
        *  end users.                                              *
        *                                                          *
        *  If you've assessed the risks, suppress this message     *
        *  using the disableWarningInBrowsers configuration        *
        *  parameter.                                              *
        *                                                          *
        ************************************************************ @ http://localhost:4323/node_modules/.vite/deps/@neondatabase_serverless.js?v=7c5e1c19:4881
[     376ms] [WARNING]           
        ************************************************************
        *                                                          *
        *  WARNING: Running SQL directly from the browser can have *
        *  security implications. Even if your database is         *
        *  protected by Row-Level Security (RLS), use it at your   *
        *  own risk. This approach is great for fast prototyping,  *
        *  but ensure proper safeguards are in place to prevent    *
        *  misuse or execution of expensive SQL queries by your    *
        *  end users.                                              *
        *                                                          *
        *  If you've assessed the risks, suppress this message     *
        *  using the disableWarningInBrowsers configuration        *
        *  parameter.                                              *
        *                                                          *
        ************************************************************ @ http://localhost:4323/node_modules/.vite/deps/@neondatabase_serverless.js?v=7c5e1c19:4881
[     376ms] [WARNING]           
        ************************************************************
        *                                                          *
        *  WARNING: Running SQL directly from the browser can have *
        *  security implications. Even if your database is         *
        *  protected by Row-Level Security (RLS), use it at your   *
        *  own risk. This approach is great for fast prototyping,  *
        *  but ensure proper safeguards are in place to prevent    *
        *  misuse or execution of expensive SQL queries by your    *
        *  end users.                                              *
        *                                                          *
        *  If you've assessed the risks, suppress this message     *
        *  using the disableWarningInBrowsers configuration        *
        *  parameter.                                              *
        *                                                          *
        ************************************************************ @ http://localhost:4323/node_modules/.vite/deps/@neondatabase_serverless.js?v=7c5e1c19:4881
[     625ms] [WARNING]           
        ************************************************************
        *                                                          *
        *  WARNING: Running SQL directly from the browser can have *
        *  security implications. Even if your database is         *
        *  protected by Row-Level Security (RLS), use it at your   *
        *  own risk. This approach is great for fast prototyping,  *
        *  but ensure proper safeguards are in place to prevent    *
        *  misuse or execution of expensive SQL queries by your    *
        *  end users.                                              *
        *                                                          *
        *  If you've assessed the risks, suppress this message     *
        *  using the disableWarningInBrowsers configuration        *
        *  parameter.                                              *
        *                                                          *
        ************************************************************ @ http://localhost:4323/node_modules/.vite/deps/@neondatabase_serverless.js?v=7c5e1c19:4881
